Using device: cpu
============================================================
  Temporal Fusion Transformer — Greenhouse Yield
  Train: T13-T15 | Val: T16 | Test: T17 | h=4 weeks
============================================================

────────────────────────────────────────────────────────────
  INVERNADERO 3  (30 seeds)
────────────────────────────────────────────────────────────
  Invernadero 3:
    Train sequences: 90 | Val: 34 | Test: 24
    Past features:   20  (sensors=19 + kg=1)
    Future features: 9
  Epoch    1/300 | Train: 0.17476 | Val: 0.09873
  Epoch   20/300 | Train: 0.04586 | Val: 0.07491
  Epoch   40/300 | Train: 0.03833 | Val: 0.07417
  Epoch   60/300 | Train: 0.03559 | Val: 0.07616
  Epoch   80/300 | Train: 0.03079 | Val: 0.06863
  Epoch  100/300 | Train: 0.02919 | Val: 0.07911
  Early stopping at epoch 114
    s42: R²=0.5678, MAPE=11.71%
  Epoch    1/300 | Train: 0.16512 | Val: 0.12724
  Epoch   20/300 | Train: 0.04579 | Val: 0.06503
  Epoch   40/300 | Train: 0.03709 | Val: 0.06631
  Epoch   60/300 | Train: 0.03368 | Val: 0.06537
  Epoch   80/300 | Train: 0.03157 | Val: 0.07483
  Epoch  100/300 | Train: 0.02897 | Val: 0.07756
  Epoch  120/300 | Train: 0.02760 | Val: 0.08016
  Early stopping at epoch 127
    s7: R²=-1.0328, MAPE=25.33%
  Epoch    1/300 | Train: 0.18335 | Val: 0.17744
  Epoch   20/300 | Train: 0.04518 | Val: 0.07816
  Epoch   40/300 | Train: 0.03776 | Val: 0.07930
  Epoch   60/300 | Train: 0.03526 | Val: 0.07659
  Epoch   80/300 | Train: 0.03041 | Val: 0.08689
  Epoch  100/300 | Train: 0.02825 | Val: 0.08062
  Early stopping at epoch 118
    s123: R²=0.6495, MAPE=9.86%
  Epoch    1/300 | Train: 0.15824 | Val: 0.09586
  Epoch   20/300 | Train: 0.04690 | Val: 0.06890
  Epoch   40/300 | Train: 0.03802 | Val: 0.05578
  Epoch   60/300 | Train: 0.03362 | Val: 0.06663
  Epoch   80/300 | Train: 0.03111 | Val: 0.06760
  Epoch  100/300 | Train: 0.03044 | Val: 0.06627
  Epoch  120/300 | Train: 0.02888 | Val: 0.07255
  Early stopping at epoch 120
    s2024: R²=0.4405, MAPE=13.79%
  Epoch    1/300 | Train: 0.22399 | Val: 0.14256
  Epoch   20/300 | Train: 0.04492 | Val: 0.07655
  Epoch   40/300 | Train: 0.03773 | Val: 0.06026
  Epoch   60/300 | Train: 0.03432 | Val: 0.06457
  Epoch   80/300 | Train: 0.03230 | Val: 0.06751
  Epoch  100/300 | Train: 0.03017 | Val: 0.07374
  Early stopping at epoch 106
    s99: R²=0.5141, MAPE=11.60%
  Epoch    1/300 | Train: 0.25338 | Val: 0.11770
  Epoch   20/300 | Train: 0.04123 | Val: 0.06704
  Epoch   40/300 | Train: 0.04099 | Val: 0.06860
  Epoch   60/300 | Train: 0.03272 | Val: 0.06322
  Epoch   80/300 | Train: 0.03026 | Val: 0.06776
  Epoch  100/300 | Train: 0.02932 | Val: 0.06633
  Epoch  120/300 | Train: 0.02761 | Val: 0.07174
  Early stopping at epoch 124
    s13: R²=0.4411, MAPE=13.73%
  Epoch    1/300 | Train: 0.23020 | Val: 0.15723
  Epoch   20/300 | Train: 0.04910 | Val: 0.08246
  Epoch   40/300 | Train: 0.03946 | Val: 0.06411
  Epoch   60/300 | Train: 0.03572 | Val: 0.08045
  Epoch   80/300 | Train: 0.03249 | Val: 0.07976
  Epoch  100/300 | Train: 0.02902 | Val: 0.09036
  Epoch  120/300 | Train: 0.02702 | Val: 0.09214
  Early stopping at epoch 120
    s55: R²=0.4701, MAPE=12.48%
  Epoch    1/300 | Train: 0.21975 | Val: 0.15533
  Epoch   20/300 | Train: 0.04592 | Val: 0.06443
  Epoch   40/300 | Train: 0.03889 | Val: 0.06278
  Epoch   60/300 | Train: 0.03736 | Val: 0.07171
  Epoch   80/300 | Train: 0.03254 | Val: 0.05946
  Epoch  100/300 | Train: 0.02957 | Val: 0.06811
  Epoch  120/300 | Train: 0.02820 | Val: 0.07124
  Early stopping at epoch 122
    s777: R²=0.6515, MAPE=10.68%
  Epoch    1/300 | Train: 0.23023 | Val: 0.11260
  Epoch   20/300 | Train: 0.05106 | Val: 0.06783
  Epoch   40/300 | Train: 0.03918 | Val: 0.06012
  Epoch   60/300 | Train: 0.03552 | Val: 0.05907
  Epoch   80/300 | Train: 0.03347 | Val: 0.06369
  Epoch  100/300 | Train: 0.03200 | Val: 0.05962
  Epoch  120/300 | Train: 0.03066 | Val: 0.06726
  Early stopping at epoch 133
    s314: R²=0.5011, MAPE=11.86%
  Epoch    1/300 | Train: 0.23088 | Val: 0.09709
  Epoch   20/300 | Train: 0.04709 | Val: 0.07004
  Epoch   40/300 | Train: 0.03821 | Val: 0.06417
  Epoch   60/300 | Train: 0.03568 | Val: 0.06934
  Epoch   80/300 | Train: 0.03423 | Val: 0.06488
  Epoch  100/300 | Train: 0.03089 | Val: 0.07925
  Epoch  120/300 | Train: 0.02820 | Val: 0.08397
  Early stopping at epoch 133
    s2025: R²=0.5092, MAPE=11.98%
  Epoch    1/300 | Train: 0.16520 | Val: 0.09931
  Epoch   20/300 | Train: 0.04475 | Val: 0.07371
  Epoch   40/300 | Train: 0.03826 | Val: 0.05960
  Epoch   60/300 | Train: 0.03503 | Val: 0.06271
  Epoch   80/300 | Train: 0.03163 | Val: 0.07094
  Epoch  100/300 | Train: 0.03031 | Val: 0.07279
  Epoch  120/300 | Train: 0.02732 | Val: 0.09500
  Early stopping at epoch 136
    s0: R²=0.4128, MAPE=13.24%
  Epoch    1/300 | Train: 0.20974 | Val: 0.14103
  Epoch   20/300 | Train: 0.04361 | Val: 0.06734
  Epoch   40/300 | Train: 0.04116 | Val: 0.06844
  Epoch   60/300 | Train: 0.03755 | Val: 0.06213
  Epoch   80/300 | Train: 0.03192 | Val: 0.06503
  Epoch  100/300 | Train: 0.03045 | Val: 0.06825
  Epoch  120/300 | Train: 0.02837 | Val: 0.06887
  Early stopping at epoch 127
    s1: R²=0.6345, MAPE=10.75%
  Epoch    1/300 | Train: 0.32630 | Val: 0.13351
  Epoch   20/300 | Train: 0.04522 | Val: 0.07625
  Epoch   40/300 | Train: 0.03755 | Val: 0.06608
  Epoch   60/300 | Train: 0.03599 | Val: 0.06102
  Epoch   80/300 | Train: 0.03091 | Val: 0.06716
  Epoch  100/300 | Train: 0.03105 | Val: 0.06915
  Epoch  120/300 | Train: 0.02859 | Val: 0.07302
  Early stopping at epoch 124
    s2: R²=0.3284, MAPE=13.11%
  Epoch    1/300 | Train: 0.21780 | Val: 0.12075
  Epoch   20/300 | Train: 0.04459 | Val: 0.07207
  Epoch   40/300 | Train: 0.03662 | Val: 0.06877
  Epoch   60/300 | Train: 0.03635 | Val: 0.06041
  Epoch   80/300 | Train: 0.03175 | Val: 0.06407
  Epoch  100/300 | Train: 0.03037 | Val: 0.06461
  Early stopping at epoch 117
    s3: R²=0.4781, MAPE=12.42%
  Epoch    1/300 | Train: 0.40952 | Val: 0.18262
  Epoch   20/300 | Train: 0.05227 | Val: 0.07944
  Epoch   40/300 | Train: 0.04154 | Val: 0.06618
  Epoch   60/300 | Train: 0.03484 | Val: 0.06594
  Epoch   80/300 | Train: 0.03214 | Val: 0.07006
  Epoch  100/300 | Train: 0.02797 | Val: 0.07808
  Epoch  120/300 | Train: 0.02886 | Val: 0.08341
  Epoch  140/300 | Train: 0.02638 | Val: 0.08238
  Early stopping at epoch 141
    s4: R²=0.4307, MAPE=13.54%
  Epoch    1/300 | Train: 0.26707 | Val: 0.11581
  Epoch   20/300 | Train: 0.04459 | Val: 0.07083
  Epoch   40/300 | Train: 0.03933 | Val: 0.05887
  Epoch   60/300 | Train: 0.03635 | Val: 0.06442
  Epoch   80/300 | Train: 0.03204 | Val: 0.06143
  Epoch  100/300 | Train: 0.03194 | Val: 0.06199
  Early stopping at epoch 119
    s5: R²=0.4983, MAPE=11.97%
  Epoch    1/300 | Train: 0.29880 | Val: 0.10293
  Epoch   20/300 | Train: 0.04521 | Val: 0.05850
  Epoch   40/300 | Train: 0.03709 | Val: 0.06549
  Epoch   60/300 | Train: 0.03393 | Val: 0.07225
  Epoch   80/300 | Train: 0.03127 | Val: 0.07757
  Epoch  100/300 | Train: 0.03000 | Val: 0.08157
  Early stopping at epoch 100
    s6: R²=0.5079, MAPE=11.99%
  Epoch    1/300 | Train: 0.24453 | Val: 0.18745
  Epoch   20/300 | Train: 0.04604 | Val: 0.07641
  Epoch   40/300 | Train: 0.03939 | Val: 0.06889
  Epoch   60/300 | Train: 0.03366 | Val: 0.07398
  Epoch   80/300 | Train: 0.03250 | Val: 0.07052
  Epoch  100/300 | Train: 0.03149 | Val: 0.07213
  Early stopping at epoch 109
    s8: R²=0.3101, MAPE=13.22%
  Epoch    1/300 | Train: 0.21028 | Val: 0.15202
  Epoch   20/300 | Train: 0.04324 | Val: 0.07905
  Epoch   40/300 | Train: 0.04182 | Val: 0.07050
  Epoch   60/300 | Train: 0.03705 | Val: 0.07276
  Epoch   80/300 | Train: 0.03468 | Val: 0.06868
  Epoch  100/300 | Train: 0.03173 | Val: 0.06225
  Epoch  120/300 | Train: 0.03111 | Val: 0.07172
  Epoch  140/300 | Train: 0.03160 | Val: 0.07407
  Epoch  160/300 | Train: 0.02760 | Val: 0.07444
  Early stopping at epoch 164
    s9: R²=0.6212, MAPE=10.67%
  Epoch    1/300 | Train: 0.21594 | Val: 0.13501
  Epoch   20/300 | Train: 0.05244 | Val: 0.07146
  Epoch   40/300 | Train: 0.03784 | Val: 0.06818
  Epoch   60/300 | Train: 0.03442 | Val: 0.06625
  Epoch   80/300 | Train: 0.03149 | Val: 0.06918
  Epoch  100/300 | Train: 0.02909 | Val: 0.06748
  Epoch  120/300 | Train: 0.02862 | Val: 0.07034
  Early stopping at epoch 130
    s10: R²=0.5590, MAPE=11.58%
  Epoch    1/300 | Train: 0.14875 | Val: 0.09204
  Epoch   20/300 | Train: 0.04468 | Val: 0.08020
  Epoch   40/300 | Train: 0.04025 | Val: 0.06355
  Epoch   60/300 | Train: 0.03432 | Val: 0.07176
  Epoch   80/300 | Train: 0.03206 | Val: 0.07996
  Epoch  100/300 | Train: 0.03136 | Val: 0.08365
  Epoch  120/300 | Train: 0.02836 | Val: 0.08326
  Early stopping at epoch 120
    s11: R²=0.5560, MAPE=11.47%
  Epoch    1/300 | Train: 0.25625 | Val: 0.11531
  Epoch   20/300 | Train: 0.04442 | Val: 0.07991
  Epoch   40/300 | Train: 0.03784 | Val: 0.06262
  Epoch   60/300 | Train: 0.03904 | Val: 0.06424
  Epoch   80/300 | Train: 0.03115 | Val: 0.07972
  Epoch  100/300 | Train: 0.03080 | Val: 0.08921
  Epoch  120/300 | Train: 0.02839 | Val: 0.08743
  Early stopping at epoch 126
    s12: R²=0.4923, MAPE=12.18%
  Epoch    1/300 | Train: 0.26403 | Val: 0.10304
  Epoch   20/300 | Train: 0.04284 | Val: 0.07095
  Epoch   40/300 | Train: 0.03724 | Val: 0.07655
  Epoch   60/300 | Train: 0.03573 | Val: 0.09480
  Epoch   80/300 | Train: 0.03078 | Val: 0.08008
  Early stopping at epoch 91
    s14: R²=-0.3363, MAPE=19.27%
  Epoch    1/300 | Train: 0.14010 | Val: 0.10214
  Epoch   20/300 | Train: 0.04630 | Val: 0.06899
  Epoch   40/300 | Train: 0.03950 | Val: 0.06479
  Epoch   60/300 | Train: 0.03662 | Val: 0.06406
  Epoch   80/300 | Train: 0.03316 | Val: 0.07129
  Epoch  100/300 | Train: 0.03083 | Val: 0.06613
  Epoch  120/300 | Train: 0.02949 | Val: 0.06724
  Early stopping at epoch 133
    s15: R²=0.4195, MAPE=12.89%
  Epoch    1/300 | Train: 0.18067 | Val: 0.10564
  Epoch   20/300 | Train: 0.04484 | Val: 0.07658
  Epoch   40/300 | Train: 0.03878 | Val: 0.07207
  Epoch   60/300 | Train: 0.03668 | Val: 0.06730
  Epoch   80/300 | Train: 0.03156 | Val: 0.06321
  Epoch  100/300 | Train: 0.02858 | Val: 0.07041
  Epoch  120/300 | Train: 0.02706 | Val: 0.07417
  Early stopping at epoch 121
    s16: R²=0.5094, MAPE=11.82%
  Epoch    1/300 | Train: 0.21161 | Val: 0.12432
  Epoch   20/300 | Train: 0.04459 | Val: 0.08144
  Epoch   40/300 | Train: 0.03839 | Val: 0.06836
  Epoch   60/300 | Train: 0.03486 | Val: 0.05946
  Epoch   80/300 | Train: 0.03444 | Val: 0.06680
  Epoch  100/300 | Train: 0.02977 | Val: 0.07104
  Epoch  120/300 | Train: 0.02920 | Val: 0.07234
  Early stopping at epoch 139
    s17: R²=0.5071, MAPE=11.58%
  Epoch    1/300 | Train: 0.17010 | Val: 0.10405
  Epoch   20/300 | Train: 0.04152 | Val: 0.07662
  Epoch   40/300 | Train: 0.03911 | Val: 0.06468
  Epoch   60/300 | Train: 0.03596 | Val: 0.06743
  Epoch   80/300 | Train: 0.03258 | Val: 0.06884
  Epoch  100/300 | Train: 0.03075 | Val: 0.07456
  Epoch  120/300 | Train: 0.03025 | Val: 0.07498
  Epoch  140/300 | Train: 0.02935 | Val: 0.07936
  Early stopping at epoch 147
    s18: R²=0.1989, MAPE=15.38%
  Epoch    1/300 | Train: 0.44896 | Val: 0.12090
  Epoch   20/300 | Train: 0.04203 | Val: 0.06614
  Epoch   40/300 | Train: 0.04149 | Val: 0.06514
  Epoch   60/300 | Train: 0.03495 | Val: 0.06304
  Epoch   80/300 | Train: 0.03206 | Val: 0.06556
  Epoch  100/300 | Train: 0.03034 | Val: 0.06938
  Early stopping at epoch 114
    s19: R²=0.4146, MAPE=12.53%
  Epoch    1/300 | Train: 0.21359 | Val: 0.14066
  Epoch   20/300 | Train: 0.04581 | Val: 0.06734
  Epoch   40/300 | Train: 0.04202 | Val: 0.07516
  Epoch   60/300 | Train: 0.03511 | Val: 0.06946
  Epoch   80/300 | Train: 0.02977 | Val: 0.07175
  Epoch  100/300 | Train: 0.02909 | Val: 0.06969
  Early stopping at epoch 118
    s20: R²=0.5553, MAPE=10.89%
  Epoch    1/300 | Train: 0.29553 | Val: 0.20526
  Epoch   20/300 | Train: 0.04624 | Val: 0.07539
  Epoch   40/300 | Train: 0.04145 | Val: 0.06528
  Epoch   60/300 | Train: 0.04148 | Val: 0.06708
  Epoch   80/300 | Train: 0.03491 | Val: 0.07050
  Epoch  100/300 | Train: 0.02967 | Val: 0.06838
  Epoch  120/300 | Train: 0.02907 | Val: 0.06859
  Epoch  140/300 | Train: 0.02785 | Val: 0.06991
  Early stopping at epoch 141
    s21: R²=0.5221, MAPE=11.82%

  >>> Best seed=777 (R²=0.6515) <<<

=======================================================
  INVERNADERO 3 — MÉTRICAS (Test T17, h=4)
=======================================================
  RMSE (kg)      :  3548.1831
  R²             :     0.6515
  NSE            :     0.6515
  PBIAS (%)      :    -3.3489
  MAPE (%)       :    10.6800
=======================================================

────────────────────────────────────────────────────────────
  INVERNADERO 4  (30 seeds)
────────────────────────────────────────────────────────────
  Invernadero 4:
    Train sequences: 89 | Val: 34 | Test: 24
    Past features:   20  (sensors=19 + kg=1)
    Future features: 9
  Epoch    1/300 | Train: 0.18371 | Val: 0.15264
  Epoch   20/300 | Train: 0.05381 | Val: 0.13024
  Epoch   40/300 | Train: 0.04794 | Val: 0.13226
  Epoch   60/300 | Train: 0.04557 | Val: 0.12575
  Epoch   80/300 | Train: 0.04358 | Val: 0.13915
  Epoch  100/300 | Train: 0.04176 | Val: 0.13143
  Early stopping at epoch 105
    s42: R²=0.5900, MAPE=11.55%
  Epoch    1/300 | Train: 0.14814 | Val: 0.16106
  Epoch   20/300 | Train: 0.05050 | Val: 0.13052
  Epoch   40/300 | Train: 0.04842 | Val: 0.12880
  Epoch   60/300 | Train: 0.04334 | Val: 0.15604
  Epoch   80/300 | Train: 0.03866 | Val: 0.15909
  Epoch  100/300 | Train: 0.03627 | Val: 0.16021
  Early stopping at epoch 112
    s7: R²=0.2371, MAPE=16.71%
  Epoch    1/300 | Train: 0.20726 | Val: 0.18817
  Epoch   20/300 | Train: 0.06177 | Val: 0.14746
  Epoch   40/300 | Train: 0.04739 | Val: 0.13301
  Epoch   60/300 | Train: 0.04584 | Val: 0.14599
  Epoch   80/300 | Train: 0.04154 | Val: 0.13987
  Early stopping at epoch 93
    s123: R²=0.5050, MAPE=10.69%
  Epoch    1/300 | Train: 0.20102 | Val: 0.17964
  Epoch   20/300 | Train: 0.05446 | Val: 0.14251
  Epoch   40/300 | Train: 0.04973 | Val: 0.13719
  Epoch   60/300 | Train: 0.04336 | Val: 0.13791
  Epoch   80/300 | Train: 0.04016 | Val: 0.13109
  Epoch  100/300 | Train: 0.03843 | Val: 0.13465
  Epoch  120/300 | Train: 0.03590 | Val: 0.13859
  Early stopping at epoch 125
    s2024: R²=0.5453, MAPE=11.35%
  Epoch    1/300 | Train: 0.18774 | Val: 0.15004
  Epoch   20/300 | Train: 0.05466 | Val: 0.13164
  Epoch   40/300 | Train: 0.04785 | Val: 0.12574
  Epoch   60/300 | Train: 0.04304 | Val: 0.13317
  Epoch   80/300 | Train: 0.04081 | Val: 0.12295
  Early stopping at epoch 96
    s99: R²=0.5617, MAPE=10.37%
  Epoch    1/300 | Train: 0.24430 | Val: 0.18067
  Epoch   20/300 | Train: 0.05691 | Val: 0.16807
  Epoch   40/300 | Train: 0.04726 | Val: 0.16693
  Epoch   60/300 | Train: 0.04298 | Val: 0.18127
  Epoch   80/300 | Train: 0.03991 | Val: 0.20293
  Epoch  100/300 | Train: 0.03878 | Val: 0.18610
  Early stopping at epoch 103
    s13: R²=0.3169, MAPE=15.78%
  Epoch    1/300 | Train: 0.24581 | Val: 0.24513
  Epoch   20/300 | Train: 0.05343 | Val: 0.12956
  Epoch   40/300 | Train: 0.04889 | Val: 0.14185
  Epoch   60/300 | Train: 0.04309 | Val: 0.13657
  Epoch   80/300 | Train: 0.04119 | Val: 0.14839
  Early stopping at epoch 99
    s55: R²=0.4070, MAPE=9.89%
  Epoch    1/300 | Train: 0.19460 | Val: 0.14097
  Epoch   20/300 | Train: 0.05584 | Val: 0.13263
  Epoch   40/300 | Train: 0.04832 | Val: 0.13428
  Epoch   60/300 | Train: 0.05234 | Val: 0.12605
  Epoch   80/300 | Train: 0.04440 | Val: 0.13150
  Epoch  100/300 | Train: 0.04041 | Val: 0.13091
  Epoch  120/300 | Train: 0.03779 | Val: 0.13508
  Early stopping at epoch 129
    s777: R²=0.5528, MAPE=10.45%
  Epoch    1/300 | Train: 0.22798 | Val: 0.14787
  Epoch   20/300 | Train: 0.05647 | Val: 0.14070
  Epoch   40/300 | Train: 0.05025 | Val: 0.12243
  Epoch   60/300 | Train: 0.04544 | Val: 0.13167
  Epoch   80/300 | Train: 0.04058 | Val: 0.13288
  Epoch  100/300 | Train: 0.04017 | Val: 0.13807
  Epoch  120/300 | Train: 0.03883 | Val: 0.13795
  Early stopping at epoch 127
    s314: R²=0.6565, MAPE=10.36%
  Epoch    1/300 | Train: 0.32800 | Val: 0.13943
  Epoch   20/300 | Train: 0.05497 | Val: 0.14767
  Epoch   40/300 | Train: 0.04565 | Val: 0.13889
  Epoch   60/300 | Train: 0.04399 | Val: 0.13197
  Epoch   80/300 | Train: 0.04140 | Val: 0.13623
  Early stopping at epoch 87
    s2025: R²=0.6043, MAPE=10.01%
  Epoch    1/300 | Train: 0.17986 | Val: 0.14964
  Epoch   20/300 | Train: 0.05204 | Val: 0.13824
  Epoch   40/300 | Train: 0.04436 | Val: 0.14332
  Epoch   60/300 | Train: 0.04340 | Val: 0.14240
  Epoch   80/300 | Train: 0.04149 | Val: 0.13704
  Early stopping at epoch 87
    s0: R²=0.3478, MAPE=12.60%
  Epoch    1/300 | Train: 0.19012 | Val: 0.20737
  Epoch   20/300 | Train: 0.05314 | Val: 0.13116
  Epoch   40/300 | Train: 0.04677 | Val: 0.13171
  Epoch   60/300 | Train: 0.04136 | Val: 0.14656
  Epoch   80/300 | Train: 0.04205 | Val: 0.15560
  Early stopping at epoch 98
    s1: R²=0.6677, MAPE=9.43%
  Epoch    1/300 | Train: 0.44060 | Val: 0.16648
  Epoch   20/300 | Train: 0.05862 | Val: 0.14745
  Epoch   40/300 | Train: 0.05149 | Val: 0.13631
  Epoch   60/300 | Train: 0.04374 | Val: 0.14492
  Epoch   80/300 | Train: 0.04203 | Val: 0.14632
  Epoch  100/300 | Train: 0.04102 | Val: 0.13800
  Early stopping at epoch 105
    s2: R²=0.3777, MAPE=12.23%
  Epoch    1/300 | Train: 0.21757 | Val: 0.18098
  Epoch   20/300 | Train: 0.05592 | Val: 0.13308
  Epoch   40/300 | Train: 0.04815 | Val: 0.13459
  Epoch   60/300 | Train: 0.04271 | Val: 0.14002
  Epoch   80/300 | Train: 0.04060 | Val: 0.13357
  Epoch  100/300 | Train: 0.03894 | Val: 0.13522
  Early stopping at epoch 117
    s3: R²=0.3885, MAPE=12.28%
  Epoch    1/300 | Train: 0.32108 | Val: 0.16711
  Epoch   20/300 | Train: 0.05474 | Val: 0.14265
  Epoch   40/300 | Train: 0.04728 | Val: 0.13948
  Epoch   60/300 | Train: 0.04534 | Val: 0.14845
  Epoch   80/300 | Train: 0.04168 | Val: 0.14242
  Early stopping at epoch 96
    s4: R²=0.6079, MAPE=10.57%
  Epoch    1/300 | Train: 0.32353 | Val: 0.15064
  Epoch   20/300 | Train: 0.05772 | Val: 0.12685
  Epoch   40/300 | Train: 0.04786 | Val: 0.12861
  Epoch   60/300 | Train: 0.04410 | Val: 0.13326
  Epoch   80/300 | Train: 0.04321 | Val: 0.14015
  Epoch  100/300 | Train: 0.03996 | Val: 0.14870
  Early stopping at epoch 101
    s5: R²=0.6578, MAPE=9.46%
  Epoch    1/300 | Train: 0.23671 | Val: 0.16389
  Epoch   20/300 | Train: 0.05303 | Val: 0.13668
  Epoch   40/300 | Train: 0.04627 | Val: 0.13199
  Epoch   60/300 | Train: 0.04371 | Val: 0.12925
  Epoch   80/300 | Train: 0.04118 | Val: 0.12716
  Early stopping at epoch 92
    s6: R²=0.5522, MAPE=10.14%
  Epoch    1/300 | Train: 0.22073 | Val: 0.23364
  Epoch   20/300 | Train: 0.05624 | Val: 0.12841
  Epoch   40/300 | Train: 0.04799 | Val: 0.13218
  Epoch   60/300 | Train: 0.04468 | Val: 0.14637
  Epoch   80/300 | Train: 0.04202 | Val: 0.15014
  Epoch  100/300 | Train: 0.03913 | Val: 0.15389
  Early stopping at epoch 103
    s8: R²=0.5303, MAPE=11.71%
  Epoch    1/300 | Train: 0.21482 | Val: 0.16274
  Epoch   20/300 | Train: 0.05651 | Val: 0.12361
  Epoch   40/300 | Train: 0.04686 | Val: 0.12512
  Epoch   60/300 | Train: 0.04261 | Val: 0.12467
  Epoch   80/300 | Train: 0.04141 | Val: 0.13430
  Epoch  100/300 | Train: 0.03948 | Val: 0.13804
  Epoch  120/300 | Train: 0.03825 | Val: 0.13823
  Early stopping at epoch 126
    s9: R²=0.6267, MAPE=9.18%
  Epoch    1/300 | Train: 0.22227 | Val: 0.17238
  Epoch   20/300 | Train: 0.05676 | Val: 0.13400
  Epoch   40/300 | Train: 0.04616 | Val: 0.13513
  Epoch   60/300 | Train: 0.04259 | Val: 0.13657
  Epoch   80/300 | Train: 0.04115 | Val: 0.13708
  Early stopping at epoch 83
    s10: R²=0.3688, MAPE=11.40%
  Epoch    1/300 | Train: 0.14806 | Val: 0.16989
  Epoch   20/300 | Train: 0.05363 | Val: 0.15288
  Epoch   40/300 | Train: 0.04778 | Val: 0.12444
  Epoch   60/300 | Train: 0.04407 | Val: 0.13549
  Epoch   80/300 | Train: 0.04118 | Val: 0.13707
  Epoch  100/300 | Train: 0.03747 | Val: 0.13472
  Epoch  120/300 | Train: 0.03851 | Val: 0.13479
  Epoch  140/300 | Train: 0.03460 | Val: 0.13905
  Epoch  160/300 | Train: 0.03433 | Val: 0.14463
  Epoch  180/300 | Train: 0.03235 | Val: 0.14756
  Early stopping at epoch 183
    s11: R²=0.6295, MAPE=9.41%
  Epoch    1/300 | Train: 0.23733 | Val: 0.18081
  Epoch   20/300 | Train: 0.05254 | Val: 0.15147
  Epoch   40/300 | Train: 0.04731 | Val: 0.13352
  Epoch   60/300 | Train: 0.04361 | Val: 0.13330
  Epoch   80/300 | Train: 0.04275 | Val: 0.13257
  Epoch  100/300 | Train: 0.04192 | Val: 0.14750
  Epoch  120/300 | Train: 0.03859 | Val: 0.16766
  Epoch  140/300 | Train: 0.03685 | Val: 0.17322
  Early stopping at epoch 148
    s12: R²=0.4884, MAPE=13.36%
  Epoch    1/300 | Train: 0.25103 | Val: 0.15509
  Epoch   20/300 | Train: 0.05362 | Val: 0.12685
  Epoch   40/300 | Train: 0.04675 | Val: 0.12724
  Epoch   60/300 | Train: 0.04504 | Val: 0.13813
  Epoch   80/300 | Train: 0.03936 | Val: 0.13976
  Early stopping at epoch 94
    s14: R²=0.5813, MAPE=10.19%
  Epoch    1/300 | Train: 0.16825 | Val: 0.15718
  Epoch   20/300 | Train: 0.05258 | Val: 0.12750
  Epoch   40/300 | Train: 0.04547 | Val: 0.13094
  Epoch   60/300 | Train: 0.04465 | Val: 0.13421
  Epoch   80/300 | Train: 0.04202 | Val: 0.14223
  Early stopping at epoch 84
    s15: R²=0.5167, MAPE=12.31%
  Epoch    1/300 | Train: 0.15969 | Val: 0.14990
  Epoch   20/300 | Train: 0.06046 | Val: 0.12205
  Epoch   40/300 | Train: 0.04842 | Val: 0.13330
  Epoch   60/300 | Train: 0.04477 | Val: 0.13849
  Epoch   80/300 | Train: 0.04135 | Val: 0.13712
  Early stopping at epoch 92
    s16: R²=0.6614, MAPE=9.02%
  Epoch    1/300 | Train: 0.21424 | Val: 0.19240
  Epoch   20/300 | Train: 0.05676 | Val: 0.13845
  Epoch   40/300 | Train: 0.05657 | Val: 0.14983
  Epoch   60/300 | Train: 0.04442 | Val: 0.13515
  Epoch   80/300 | Train: 0.04196 | Val: 0.13861
  Early stopping at epoch 88
    s17: R²=0.5839, MAPE=10.54%
  Epoch    1/300 | Train: 0.17572 | Val: 0.16943
  Epoch   20/300 | Train: 0.05722 | Val: 0.13398
  Epoch   40/300 | Train: 0.04757 | Val: 0.13567
  Epoch   60/300 | Train: 0.04342 | Val: 0.13506
  Epoch   80/300 | Train: 0.04242 | Val: 0.12606
  Early stopping at epoch 99
    s18: R²=0.4839, MAPE=12.37%
  Epoch    1/300 | Train: 0.40046 | Val: 0.15500
  Epoch   20/300 | Train: 0.05768 | Val: 0.14489
  Epoch   40/300 | Train: 0.04862 | Val: 0.15520
  Epoch   60/300 | Train: 0.04490 | Val: 0.16126
  Epoch   80/300 | Train: 0.04376 | Val: 0.15764
  Epoch  100/300 | Train: 0.04056 | Val: 0.17467
  Early stopping at epoch 103
    s19: R²=0.0919, MAPE=15.11%
  Epoch    1/300 | Train: 0.18604 | Val: 0.15033
  Epoch   20/300 | Train: 0.05383 | Val: 0.12568
  Epoch   40/300 | Train: 0.04793 | Val: 0.13582
  Epoch   60/300 | Train: 0.04137 | Val: 0.13963
  Epoch   80/300 | Train: 0.03899 | Val: 0.14690
  Early stopping at epoch 91
    s20: R²=0.3748, MAPE=12.82%
  Epoch    1/300 | Train: 0.23564 | Val: 0.22435
  Epoch   20/300 | Train: 0.05616 | Val: 0.12649
  Epoch   40/300 | Train: 0.04658 | Val: 0.12349
  Epoch   60/300 | Train: 0.04390 | Val: 0.12781
  Epoch   80/300 | Train: 0.04274 | Val: 0.13391
  Epoch  100/300 | Train: 0.04041 | Val: 0.13640
  Early stopping at epoch 114
    s21: R²=0.2246, MAPE=12.77%

  >>> Best seed=1 (R²=0.6677) <<<

=======================================================
  INVERNADERO 4 — MÉTRICAS (Test T17, h=4)
=======================================================
  RMSE (kg)      :  4623.2095
  R²             :     0.6677
  NSE            :     0.6677
  PBIAS (%)      :     1.2636
  MAPE (%)       :     9.4332
=======================================================

Generando gráficas...
Plot saved to /Users/josuetapiahernandez/Documents/Huerta_Prediction/Models/results/tft_results.png
Metrics saved to /Users/josuetapiahernandez/Documents/Huerta_Prediction/Models/results/tft_metrics.csv

======================================================================
  RESUMEN TFT — Predicción a 4 semanas
  Train: T13-T15 | Val: T16 | Test: T17
======================================================================
 invernadero  RMSE (kg)     R²    NSE  PBIAS (%)  MAPE (%)
           3  3548.1831 0.6515 0.6515    -3.3489   10.6800
           4  4623.2095 0.6677 0.6677     1.2636    9.4332
======================================================================
